[27-Oct-2025 11:24:12 Europe/Berlin] PHP Warning:  require_once(C:\xampp\htdocs\tsfreighters\app\Views\auth/../../config/config.php): Failed to open stream: No such file or directory in C:\xampp\htdocs\tsfreighters\app\Views\auth\login.php on line 14
[27-Oct-2025 11:24:13 Europe/Berlin] PHP Fatal error:  Uncaught Error: Failed opening required 'C:\xampp\htdocs\tsfreighters\app\Views\auth/../../config/config.php' (include_path='C:\xampp\php\PEAR') in C:\xampp\htdocs\tsfreighters\app\Views\auth\login.php:14
Stack trace:
#0 C:\xampp\htdocs\tsfreighters\app\Controllers\CustomerController.php(143): require_once()
#1 C:\xampp\htdocs\tsfreighters\public\index.php(28): CustomerController->login()
#2 {main}
  thrown in C:\xampp\htdocs\tsfreighters\app\Views\auth\login.php on line 14
[27-Oct-2025 11:24:36 Europe/Berlin] PHP Warning:  require_once(C:\xampp\htdocs\tsfreighters\app\Views\auth/../../config/config.php): Failed to open stream: No such file or directory in C:\xampp\htdocs\tsfreighters\app\Views\auth\login.php on line 14
[27-Oct-2025 11:24:36 Europe/Berlin] PHP Fatal error:  Uncaught Error: Failed opening required 'C:\xampp\htdocs\tsfreighters\app\Views\auth/../../config/config.php' (include_path='C:\xampp\php\PEAR') in C:\xampp\htdocs\tsfreighters\app\Views\auth\login.php:14
Stack trace:
#0 C:\xampp\htdocs\tsfreighters\app\Controllers\CustomerController.php(143): require_once()
#1 C:\xampp\htdocs\tsfreighters\public\index.php(28): CustomerController->login()
#2 {main}
  thrown in C:\xampp\htdocs\tsfreighters\app\Views\auth\login.php on line 14
[27-Oct-2025 11:25:03 Europe/Berlin] PHP Warning:  require_once(C:\xampp\htdocs\tsfreighters\app\Views\auth/../../config/config.php): Failed to open stream: No such file or directory in C:\xampp\htdocs\tsfreighters\app\Views\auth\login.php on line 14
[27-Oct-2025 11:25:03 Europe/Berlin] PHP Fatal error:  Uncaught Error: Failed opening required 'C:\xampp\htdocs\tsfreighters\app\Views\auth/../../config/config.php' (include_path='C:\xampp\php\PEAR') in C:\xampp\htdocs\tsfreighters\app\Views\auth\login.php:14
Stack trace:
#0 C:\xampp\htdocs\tsfreighters\app\Controllers\CustomerController.php(143): require_once()
#1 C:\xampp\htdocs\tsfreighters\public\index.php(28): CustomerController->login()
#2 {main}
  thrown in C:\xampp\htdocs\tsfreighters\app\Views\auth\login.php on line 14
[27-Oct-2025 11:26:12 Europe/Berlin] PHP Warning:  require_once(C:\xampp\htdocs\tsfreighters\app\Views\auth/../../config/config.php): Failed to open stream: No such file or directory in C:\xampp\htdocs\tsfreighters\app\Views\auth\login.php on line 14
[27-Oct-2025 11:26:12 Europe/Berlin] PHP Fatal error:  Uncaught Error: Failed opening required 'C:\xampp\htdocs\tsfreighters\app\Views\auth/../../config/config.php' (include_path='C:\xampp\php\PEAR') in C:\xampp\htdocs\tsfreighters\app\Views\auth\login.php:14
Stack trace:
#0 C:\xampp\htdocs\tsfreighters\app\Controllers\CustomerController.php(143): require_once()
#1 C:\xampp\htdocs\tsfreighters\public\index.php(28): CustomerController->login()
#2 {main}
  thrown in C:\xampp\htdocs\tsfreighters\app\Views\auth\login.php on line 14
[27-Oct-2025 11:26:43 Europe/Berlin] PHP Warning:  require_once(C:\xampp\htdocs\tsfreighters\app\Views\auth/../../config/config.php): Failed to open stream: No such file or directory in C:\xampp\htdocs\tsfreighters\app\Views\auth\login.php on line 14
[27-Oct-2025 11:26:43 Europe/Berlin] PHP Fatal error:  Uncaught Error: Failed opening required 'C:\xampp\htdocs\tsfreighters\app\Views\auth/../../config/config.php' (include_path='C:\xampp\php\PEAR') in C:\xampp\htdocs\tsfreighters\app\Views\auth\login.php:14
Stack trace:
#0 C:\xampp\htdocs\tsfreighters\app\Controllers\CustomerController.php(143): require_once()
#1 C:\xampp\htdocs\tsfreighters\public\index.php(28): CustomerController->login()
#2 {main}
  thrown in C:\xampp\htdocs\tsfreighters\app\Views\auth\login.php on line 14
[27-Oct-2025 11:27:40 Europe/Berlin] PHP Warning:  require_once(C:\xampp\htdocs\tsfreighters\app\Views\auth/../../config/config.php): Failed to open stream: No such file or directory in C:\xampp\htdocs\tsfreighters\app\Views\auth\login.php on line 22
[27-Oct-2025 11:27:40 Europe/Berlin] PHP Fatal error:  Uncaught Error: Failed opening required 'C:\xampp\htdocs\tsfreighters\app\Views\auth/../../config/config.php' (include_path='C:\xampp\php\PEAR') in C:\xampp\htdocs\tsfreighters\app\Views\auth\login.php:22
Stack trace:
#0 C:\xampp\htdocs\tsfreighters\app\Controllers\CustomerController.php(143): require_once()
#1 C:\xampp\htdocs\tsfreighters\public\index.php(28): CustomerController->login()
#2 {main}
  thrown in C:\xampp\htdocs\tsfreighters\app\Views\auth\login.php on line 22
[27-Oct-2025 11:27:48 Europe/Berlin] PHP Warning:  require_once(C:\xampp\htdocs\tsfreighters\app\Views\auth/../../config/config.php): Failed to open stream: No such file or directory in C:\xampp\htdocs\tsfreighters\app\Views\auth\login.php on line 22
[27-Oct-2025 11:27:48 Europe/Berlin] PHP Fatal error:  Uncaught Error: Failed opening required 'C:\xampp\htdocs\tsfreighters\app\Views\auth/../../config/config.php' (include_path='C:\xampp\php\PEAR') in C:\xampp\htdocs\tsfreighters\app\Views\auth\login.php:22
Stack trace:
#0 C:\xampp\htdocs\tsfreighters\app\Controllers\CustomerController.php(143): require_once()
#1 C:\xampp\htdocs\tsfreighters\public\index.php(28): CustomerController->login()
#2 {main}
  thrown in C:\xampp\htdocs\tsfreighters\app\Views\auth\login.php on line 22
[27-Oct-2025 11:38:40 Europe/Berlin] PHP Warning:  require_once(C:\xampp\htdocs\tsfreighters\app\Views\auth/../../config/config.php): Failed to open stream: No such file or directory in C:\xampp\htdocs\tsfreighters\app\Views\auth\login.php on line 14
[27-Oct-2025 11:38:41 Europe/Berlin] PHP Fatal error:  Uncaught Error: Failed opening required 'C:\xampp\htdocs\tsfreighters\app\Views\auth/../../config/config.php' (include_path='C:\xampp\php\PEAR') in C:\xampp\htdocs\tsfreighters\app\Views\auth\login.php:14
Stack trace:
#0 C:\xampp\htdocs\tsfreighters\app\Controllers\CustomerController.php(143): require_once()
#1 C:\xampp\htdocs\tsfreighters\public\index.php(28): CustomerController->login()
#2 {main}
  thrown in C:\xampp\htdocs\tsfreighters\app\Views\auth\login.php on line 14
